// Jest Snapshot v1, https://goo.gl/fbAQLP

exports[`onAppStartup-qr-test 1`] = `
MockViewModelRepositoryState {
  "activeSegmentIndex": -1,
  "captchaBypassToken": undefined,
  "cloneRequestState": "unknown",
  "codeCheckRequest": "unknown",
  "compileErrorResult": undefined,
  "compileSuccessResult": {
    "segments": [],
  },
  "currentEmail": null,
  "currentProgram": {
    "parameters": {
      "roundStrategy": "firstMeaningDigit",
    },
    "segments": [],
  },
  "currentView": "closed",
  "editModeForFilename": false,
  "editModeForProjectTitle": false,
  "email": "",
  "emailRequest": "unknown",
  "expandProblemViewer": false,
  "files": [],
  "filesToDelete": [],
  "getFilesRequestState": "unknown",
  "getProjectRequestState": "unknown",
  "getProjectsRequestState": "unknown",
  "id": 0,
  "instructionExpanded": false,
  "isAuthenticated": false,
  "isAutocompleteLoading": false,
  "isFileDraggedToManager": false,
  "isRegistration": false,
  "language": "ru",
  "lastOpenedProjectUuid": undefined,
  "lastProgram": {
    "parameters": {
      "roundStrategy": "firstMeaningDigit",
    },
    "segments": [],
  },
  "lastVerifiedCode": null,
  "location": "/project/default",
  "loginRequest": "unknown",
  "mode": "markdown",
  "passwordSetRequest": "unknown",
  "pdfUpdated": 0,
  "pendingSegmentEditorCursor": null,
  "previousActiveSegmentIndex": -1,
  "project": undefined,
  "projectIsReadonly": false,
  "projectPromptRequestState": "unknown",
  "projects": [],
  "redoEnabled": false,
  "saveProjectRequestState": "unknown",
  "search": undefined,
  "showFileManager": false,
  "showProjectPromptModal": false,
  "showSearch": false,
  "showShareModal": false,
  "showTour": false,
  "toasts": [],
  "tokens": 0,
  "undoEnabled": false,
}
`;
